MO Maquina_pintar NULL Maquina_pintar.v vlg45/_maquina__pintar.bin 1412826566
MO vga_sync NULL vga_sync.v vlg62/vga__sync.bin 1412826566
MO clock32pps NULL clock32pps.v vlg20/clock32pps.bin 1412826566
MO MaquinaNivel1 NULL MaquinaNivel1.v vlg7B/_maquina_nivel1.bin 1412826566
MO Tubo NULL Tubo.v vlg4A/_tubo.bin 1412826566
MO DrumHero NULL DrumHero.v vlg7A/_drum_hero.bin 1412826567
